Basic IV:   %3 = phi i32 [ 0, %0 ], [ %5, %2 ]
Basic IV:   %5 = add nuw nsw i32 %3, 20
