Basic IV:   %3 = phi i32 [ 5000, %0 ], [ %5, %2 ]
Basic IV:   %5 = add nsw i32 %3, -20
