Loop: 
10:                                               ; preds = %17, %9
  %.0 = phi i32 [ 10, %9 ], [ %18, %17 ]
  %11 = icmp sge i32 %.0, 0
  br i1 %11, label %13, label %12

Basic IV:   %.0 = phi i32 [ 10, %9 ], [ %18, %17 ]
Derived IV: %14 = %.0 * 20
Derived IV: %15 = %.0 * 20 + 4
Basic IV:   %18 = add nsw i32 %.0, -1
Loop: 
1:                                                ; preds = %7, %0
  %.01 = phi i32 [ 0, %0 ], [ %8, %7 ]
  %2 = icmp slt i32 %.01, 10
  br i1 %2, label %4, label %3

Basic IV:   %.01 = phi i32 [ 0, %0 ], [ %8, %7 ]
Derived IV: %5 = %.01 * 10
Basic IV:   %8 = add nsw i32 %.01, 1
