Loop: 
1:                                                ; preds = %8, %0
  %.0 = phi i32 [ 0, %0 ], [ %9, %8 ]
  %2 = icmp slt i32 %.0, 10
  br i1 %2, label %4, label %3

Basic IV:   %.0 = phi i32 [ 0, %0 ], [ %9, %8 ]
Derived IV: %5 = %.0 * 100
Derived IV: %6 = %.0 * 100 + 100
Basic IV:   %9 = add nsw i32 %.0, 1
