Loop: 
1:                                                ; preds = %7, %0
  %.0 = phi i32 [ 0, %0 ], [ %8, %7 ]
  %2 = icmp slt i32 %.0, 10
  br i1 %2, label %4, label %3

Derived IV: %5 = .0 * 10
Basic IV:   %8 = add nsw i32 %.0, 1
Basic IV:   %.0 = phi i32 [ 0, %0 ], [ %8, %7 ]
