Loop: 
1:                                                ; preds = %6, %0
  %.0 = phi i32 [ 10, %0 ], [ %7, %6 ]
  %2 = icmp sge i32 %.0, 0
  br i1 %2, label %4, label %3

Basic IV:   %.0 = phi i32 [ 10, %0 ], [ %7, %6 ]
Basic IV:   %7 = add nsw i32 %.0, -1
