Loop: 
1:                                                ; preds = %17, %0
  %.01 = phi i32 [ 100, %0 ], [ %6, %17 ]
  %.0 = phi i32 [ 5000, %0 ], [ %18, %17 ]
  %2 = icmp sge i32 %.0, 20
  br i1 %2, label %4, label %3

Derived IV: %10 = %6 * 10
Derived IV: %11 = %6 * 10 + 20
Basic IV:   %18 = sub nsw i32 %.0, 20
Basic IV:   %6 = add nsw i32 %.01, 20
Derived IV: %7 = %6 * 20
Derived IV: %8 = %6 * 20 + 20
Basic IV:   %.0 = phi i32 [ 5000, %0 ], [ %18, %17 ]
Basic IV:   %.01 = phi i32 [ 100, %0 ], [ %6, %17 ]
