Basic IV:   %13 = phi i32 [ 0, %7 ], [ %16, %12 ]
Basic IV:   %14 = add nuw nsw i32 %13, %8
Basic IV:   %16 = add nuw nsw i32 %13, %5
Basic IV:   %10 = add nuw nsw i32 %3, 20
Basic IV:   %3 = phi i32 [ 0, %0 ], [ %10, %9 ]
Derived IV: %4 = %3 * 10
Derived IV: %5 = %3 * 10 + 20
