Loop: 
7:                                                ; preds = %14, %4
  %.0 = phi i32 [ %.01, %4 ], [ %15, %14 ]
  %8 = icmp sge i32 %.0, 0
  br i1 %8, label %10, label %9

Derived IV: %11  = .0 * %6 
Derived IV: %12  = .0 * %6  + .01
Basic IV:   %15 = sub nsw i32 %.0, %6
Basic IV:   %.0 = phi i32 [ %.01, %4 ], [ %15, %14 ]
Loop: 
1:                                                ; preds = %26, %0
  %.01 = phi i32 [ 5000, %0 ], [ %27, %26 ]
  %2 = icmp sge i32 %.01, 0
  br i1 %2, label %4, label %3

Basic IV:   %27 = sub nsw i32 %.01, 20
Derived IV: %5  = .01 * i32 10
Derived IV: %6  = .01 * i32 10 + i32 20
Basic IV:   %.01 = phi i32 [ 5000, %0 ], [ %27, %26 ]
