[31mSafety Violation[00m: Use of potentially null pointer in store at Bad2DArray.cc:19
