[31mSafety Violation[00m: Use of potentially null pointer in store at BadAccesses.cc:13
[31mSafety Violation[00m: Use of potentially null pointer in store at BadAccesses.cc:14
[31mSafety Violation[00m: Use of potentially null pointer in store at BadAccesses.cc:15
[31mSafety Violation[00m: Use of potentially null pointer in store at BadAccesses.cc:16
