[31mSafety Violation[00m: Use of potentially null pointer in store at BadRhs.cc:12
