[31mSafety Violation[00m: Use of potentially null pointer in store at BadStruct.cc:19
