[31mSafety Violation[00m: Use of potentially null pointer in store at BranchBad2.cc:11
