[31mSafety Violation[00m: Use of potentially null pointer in store at BufferOverflow2.cc:15
