[31mSafety Violation[00m: Use of pointer that may overflow in store at BufferOverflow.cc:19
