[31mSafety Violation[00m: Use of potentially null pointer in store at FirstLetterBad2.cc:23
