[31mSafety Violation[00m: Use of potentially null pointer in store at FirstLetter.cc:23
