[31mSafety Violation[00m: Use of potentially null pointer in load at Ptr3Bad.cc:14
