[31mSafety Violation[00m: Use of potentially null pointer in store at SortBad3.cc:36
