[31mSafety Violation[00m: Use of potentially null pointer in load at SumBad.cc:11
