[31mSafety Violation[00m: Use of potentially null pointer in store at VaddDot2Bad.cc:27
[31mSafety Violation[00m: Use of potentially null pointer in store at VaddDot2Bad.cc:30
